# **도커 컨테이너 네트워크**

```powershell
PS C:\Users\myanj> docker container rm -f $(docker container ls -aq)
```

**네트워크 목록 조회**

```powershell
C:\docker> docker network ls
NETWORK ID     NAME      DRIVER    SCOPE
5c25d796d992   bridge    bridge    local	⇒ 하나의 호스트 내에서 여러 컨테이너들이 서로 소통할 수 있는 네트워크
130572d1fc8e   host      host      local	⇒ 호스트와 동일한 네트워크에서 컨테이너를 구동하기 위한 네트워크 
a8c80154400c   none      null      local
                         overlay         	⇒ 여러 호스트에 분산되어 돌아가는 컨테이너 간에 네트워킹을 위한 네트워크
```

****컨테이너가 사용하고 있는 네트워크를 확인****

```powershell
C:\docker> docker container run -d --name my-todo-app seojonghun/react-todo-app:v1

C:\docker> docker container ls
CONTAINER ID   IMAGE                        COMMAND                   CREATED          STATUS          PORTS     NAMES
a22f136c6a8e   seojonghun/react-todo-app:v1   "/docker-entrypoint.…"   11 seconds ago   Up 10 seconds   80/tcp    my-todo-app
```

```powershell
C:\docker> docker container inspect my-todo-app

            "Networks": {
                "bridge": {
                    "IPAMConfig": null,
                    "Links": null,
                    "Aliases": null,
                    "NetworkID": "5c25d796d992bffa6e8579fb619fd2a842bc548fabcd970ed9577d6b5584b19f",
                    "EndpointID": "96cfbd0708e764f0102685a6e5afbb0883c6a9ed6369a5543b816e42bce3aeba",
                    "Gateway": "172.17.0.1",
                    "IPAddress": "172.17.0.2",
                    "IPPrefixLen": 16,
                    "IPv6Gateway": "",
                    "GlobalIPv6Address": "",
                    "GlobalIPv6PrefixLen": 0,
                    "MacAddress": "02:42:ac:11:00:02",
                    "DriverOpts": null
                }
            }
```

****네트워크 생성****

```powershell
C:\docker> docker network create --driver=bridge web-network
                                 ~~~~~~~~~~~~~~~ ~~~~~~~~~~~
                                 종류            이름    
801a911174a2db358c0ccf569c66c8eeba5d0aa16f6a4c37e11a15f258d2fc35

C:\docker> docker network ls
NETWORK ID     NAME          DRIVER    SCOPE
5c25d796d992   bridge        bridge    local
130572d1fc8e   host          host      local
a8c80154400c   none          null      local
801a911174a2   web-network   bridge    local
```

**네트워크에 연결/연결 해제**

```powershell
C:\docker> docker network connect web-network my-todo-app

C:\docker> docker container inspect my-todo-app

            "Networks": {
                "bridge": {
                    "IPAMConfig": null,
                    "Links": null,
                    "Aliases": null,
                    "NetworkID": "5c25d796d992bffa6e8579fb619fd2a842bc548fabcd970ed9577d6b5584b19f",
                    "EndpointID": "96cfbd0708e764f0102685a6e5afbb0883c6a9ed6369a5543b816e42bce3aeba",
                    "Gateway": "172.17.0.1",
                    "IPAddress": "172.17.0.2",
                    "IPPrefixLen": 16,
                    "IPv6Gateway": "",
                    "GlobalIPv6Address": "",
                    "GlobalIPv6PrefixLen": 0,
                    "MacAddress": "02:42:ac:11:00:02",
                    "DriverOpts": null
                },
                "web-network": {
                    "IPAMConfig": {},
                    "Links": null,
                    "Aliases": [
                        "a22f136c6a8e"
                    ],
                    "NetworkID": "801a911174a2db358c0ccf569c66c8eeba5d0aa16f6a4c37e11a15f258d2fc35",
                    "EndpointID": "dae66c06e8d35c97f999925b493f1474f4416ce5e3a03e1f21ff295a0a2f34af",
                    "Gateway": "172.18.0.1",
                    "IPAddress": "172.18.0.2",
                    "IPPrefixLen": 16,
                    "IPv6Gateway": "",
                    "GlobalIPv6Address": "",
                    "GlobalIPv6PrefixLen": 0,
                    "MacAddress": "02:42:ac:12:00:02",
                    "DriverOpts": {}
                }
            }
```

****네트워크 상세 정보 확인****

```powershell
C:\docker> docker network inspect web-network
[
    {
        "Name": "web-network",
        "Id": "801a911174a2db358c0ccf569c66c8eeba5d0aa16f6a4c37e11a15f258d2fc35",
        "Created": "2023-09-26T07:02:58.485252861Z",
        "Scope": "local",
        "Driver": "bridge",
        "EnableIPv6": false,
        "IPAM": {
            "Driver": "default",
            "Options": {},
            "Config": [
                {
                    "Subnet": "172.18.0.0/16",
                    "Gateway": "172.18.0.1"
                }
            ]
        },
        "Internal": false,
        "Attachable": false,
        "Ingress": false,
        "ConfigFrom": {
            "Network": ""
        },
        "ConfigOnly": false,
        "Containers": {
            "a22f136c6a8e85a6910bb2b1fb679e491980cb60c027f10f7bdc1c3c62d557e4": {
                "Name": "my-todo-app",
                "EndpointID": "dae66c06e8d35c97f999925b493f1474f4416ce5e3a03e1f21ff295a0a2f34af",
                "MacAddress": "02:42:ac:12:00:02",
                "IPv4Address": "172.18.0.2/16",
                "IPv6Address": ""
            }
        },
        "Options": {},
        "Labels": {}
    }
]
```

**네트워크 삭제**

```powershell
C:\docker> docker network rm web-network
Error response from daemon: error while removing network: network web-network id 801a911174a2db358c0ccf569c66c8eeba5d0aa16f6a4c37e11a15f258d2fc35 has active endpoints
					⇒ 해당 네트워크를 사용하고 있는 컨테이너가 존재해서 네트워크를 삭제할 수 없음
				⇒ 네트워크를 삭제하기 위해서는 먼저 컨테이너를 네트워크에서 분리
```

```powershell
C:\docker> docker network disconnect web-network my-todo-app

C:\docker> docker network rm web-network
web-network

C:\docker> docker network ls
NETWORK ID     NAME      DRIVER    SCOPE
5c25d796d992   bridge    bridge    local
130572d1fc8e   host      host      local
a8c80154400c   none      null      local
```

**컨테이너를 시작할 때 사용할 네트워크를 지정**

```powershell
C:\docker> docker network create --driver=bridge mybridgenetwork
14e9f2be902697a7f0d4cebcb135b78951983a44e7f7f27d74e5643795442d88

C:\docker> docker network ls
NETWORK ID     NAME              DRIVER    SCOPE
5c25d796d992   bridge            bridge    local
130572d1fc8e   host              host      local
14e9f2be9026   mybridgenetwork   bridge    local
a8c80154400c   none              null      local
```

```powershell
C:\docker> docker container run -d -p 80 --name my-todo-app-2 --net=mybridgenetwork seojonghun/react-todo-app:v1
438cf044dea259d653e59ebe83faa810998c8995eeeda5fd5e8f40821d1749df

C:\docker> docker container ls
CONTAINER ID   IMAGE                        COMMAND                   CREATED          STATUS          PORTS                   NAMES
438cf044dea2   seojonghun/react-todo-app:v1   "/docker-entrypoint.…"   50 seconds ago   Up 49 seconds   0.0.0.0:59108->80/tcp   my-todo-app-2
a22f136c6a8e   seojonghun/react-todo-app:v1   "/docker-entrypoint.…"   15 minutes ago   Up 15 minutes   80/tcp                  my-todo-app
```

```powershell
C:\docker> docker container inspect my-todo-app-2

            "Networks": {
                "mybridgenetwork": {
                    "IPAMConfig": null,
                    "Links": null,
                    "Aliases": [
                        "438cf044dea2"
                    ],
                    "NetworkID": "14e9f2be902697a7f0d4cebcb135b78951983a44e7f7f27d74e5643795442d88",
                    "EndpointID": "643c1350906a7ee3a0811fc5092feea2f6c9d6d7af1a26bb2b474d03feda02f0",
                    "Gateway": "172.20.0.1",
                    "IPAddress": "172.20.0.2",
                    "IPPrefixLen": 16,
                    "IPv6Gateway": "",
                    "GlobalIPv6Address": "",
                    "GlobalIPv6PrefixLen": 0,
                    "MacAddress": "02:42:ac:14:00:02",
                    "DriverOpts": null
                }
            }
```

**컨테이너 모두 삭제**

```powershell
PS C:\Users\myanj> docker container rm -f $(docker container ls -aq)

C:\docker> docker container run -d -p 80:80 --name my-todo-app seojonghun/react-todo-app:v1
9ab6a5bb35ebc4e80aff6b53761f6ff614e4f1ca203735cdfc65de94e6a861e7

C:\docker> docker container run -d -p 80 --name my-todo-app-2 --net=mybridgenetwork seojonghun/react-todo-app:v1
d9f5e238e05a00c0659bb3c5583e13da24e008c08fb9d6dcb64b0686187831b7
```

**centos 이미지를 이용해서 mycentos 이름의 컨테이너를 실행**

```powershell
C:\docker> docker container run -itd --name mycentos centos

C:\docker> docker container ls
CONTAINER ID   IMAGE                        COMMAND                   CREATED              STATUS              PORTS                   NAMES
d9f5e238e05a   seojonghun/react-todo-app:v1   "/docker-entrypoint.…"   36 seconds ago       Up 34 seconds       0.0.0.0:59135->80/tcp   my-todo-app-2
9ab6a5bb35eb   seojonghun/react-todo-app:v1   "/docker-entrypoint.…"   46 seconds ago       Up 45 seconds       0.0.0.0:80->80/tcp      my-todo-app
74d0d80b2f97   centos                       "/bin/bash"               About a minute ago   Up About a minute                           mycentos

my-todo-app, my-todo-app-2, mycentos 컨테이너가 사용하고 있는 네트워크를 확인
C:\docker> docker container inspect my-todo-app		⇐ 172.17.0.3/16 bridge
C:\docker> docker container inspect my-todo-app-2		⇐ 172.20.0.2/16 mybridgenetwork
C:\docker> docker container inspect mycentos		⇐ 172.17.0.2/16 bridge

⇒ my-todo-app 컨테이너와 mycentos 컨테이너는 동일 네트워크(172.17 네트워크)를 사용하고 있음
```

**파워쉘에서 포맷팅된 출력으로 확인이 가능**

```powershell
PS C:\Users\myanj> docker container inspect -f '{{range .NetworkSettings.Networks}}{{println .IPAddress}}{{println .NetworkID}}{{end}}' mycentos
172.17.0.2
5c25d796d992bffa6e8579fb619fd2a842bc548fabcd970ed9577d6b5584b19f
```

****mycentos 컨테이너에서 my-todo-app 컨테이너와 my-todo-app-2 컨테이너로 접속 여부를 확인****

```powershell
C:\docker> docker container exec mycentos ping 172.17.0.3
                                               ~~~~~~~~~~ my-todo-app 컨테이너의 주소   
PING 172.17.0.3 (172.17.0.3) 56(84) bytes of data.
64 bytes from 172.17.0.3: icmp_seq=1 ttl=64 time=3.33 ms
64 bytes from 172.17.0.3: icmp_seq=2 ttl=64 time=0.046 ms
64 bytes from 172.17.0.3: icmp_seq=3 ttl=64 time=0.053 ms		⇐ 연결되는 것을 확인
^C

C:\docker> docker container exec mycentos ping 172.20.0.2
^C									⇐ 연결되지 않는 것을 확인
```

**mycentos 컨테이너를 my-todo-app-2 컨테이너가 연결되어 있는 mybridgenetwork 네트워크로 연결**

```powershell
C:\docker> docker network connect mybridgenetwork mycentos

C:\docker> docker container exec mycentos ping 172.20.0.2
PING 172.20.0.2 (172.20.0.2) 56(84) bytes of data.
64 bytes from 172.20.0.2: icmp_seq=1 ttl=64 time=0.060 ms
64 bytes from 172.20.0.2: icmp_seq=2 ttl=64 time=0.054 ms
64 bytes from 172.20.0.2: icmp_seq=3 ttl=64 time=0.087 ms		⇐ my-todo-app-2 컨테이너로 연결되는 것을 확인
^C

C:\docker> docker container exec mycentos ping 172.17.0.3
PING 172.17.0.3 (172.17.0.3) 56(84) bytes of data.
64 bytes from 172.17.0.3: icmp_seq=1 ttl=64 time=0.050 ms
64 bytes from 172.17.0.3: icmp_seq=2 ttl=64 time=0.090 ms
64 bytes from 172.17.0.3: icmp_seq=3 ttl=64 time=0.093 ms		⇐ my-todo-app 컨테이너로 연결되는 것을 확인
^C
```

**mycentos 컨테이너의 네트워크 정보를 확인**

```powershell
C:\docker> docker container inspect mycentos

            "Networks": {
                "bridge": {
                    "IPAMConfig": null,
                    "Links": null,
                    "Aliases": null,
                    "NetworkID": "5c25d796d992bffa6e8579fb619fd2a842bc548fabcd970ed9577d6b5584b19f",
                    "EndpointID": "e20c9d66dad4951fb03415a3eefbe3688081f11126c52a09ee2f260c896ec01b",
                    "Gateway": "172.17.0.1",
                    "IPAddress": "172.17.0.2",
                    "IPPrefixLen": 16,
                    "IPv6Gateway": "",
                    "GlobalIPv6Address": "",
                    "GlobalIPv6PrefixLen": 0,
                    "MacAddress": "02:42:ac:11:00:02",
                    "DriverOpts": null
                },
                "mybridgenetwork": {
                    "IPAMConfig": {},
                    "Links": null,
                    "Aliases": [
                        "74d0d80b2f97"
                    ],
                    "NetworkID": "14e9f2be902697a7f0d4cebcb135b78951983a44e7f7f27d74e5643795442d88",
                    "EndpointID": "eb5661f1cdefdc86aa035b1a421587ec19c49906ca228ed3ae230eeb2e5f1c2b",
                    "Gateway": "172.20.0.1",
                    "IPAddress": "172.20.0.3",
                    "IPPrefixLen": 16,
                    "IPv6Gateway": "",
                    "GlobalIPv6Address": "",
                    "GlobalIPv6PrefixLen": 0,
                    "MacAddress": "02:42:ac:14:00:03",
                    "DriverOpts": {}
                }
            }
```

****기본 네트워크를 사용하는 컨테이너 실행****

```powershell
C:\docker> docker container run -itd --name cent-default-a centos
b6ec08c2bb99521a1441740c71f67dca91091d319de2945cea146789438ba395
```

```powershell
C:\docker> docker container run -itd --name cent-default-b centos
804e30a1752f75e612a7003cc6c340a4477425b063e0ab4b064741110c8151f1
```

```powershell
C:\docker> docker container exec -it cent-default-a /bin/bash

[root@b6ec08c2bb99 /]# ping 172.17.0.3
PING 172.17.0.3 (172.17.0.3) 56(84) bytes of data.
64 bytes from 172.17.0.3: icmp_seq=1 ttl=64 time=0.082 ms
64 bytes from 172.17.0.3: icmp_seq=2 ttl=64 time=0.070 ms
^C
--- 172.17.0.3 ping statistics ---
2 packets transmitted, 2 received, 0% packet loss, time 1050ms
rtt min/avg/max/mdev = 0.070/0.076/0.082/0.006 ms
```

```powershell
[root@b6ec08c2bb99 /]# ping cent-default-b
ping: cent-default-b: Name or service not known

C:\docker> docker network create --driver=bridge network-a
152eb0c9fc6d646113d7f339525fd72593389d967f6b8585ce67aa1f740c7ded
```

```powershell
C:\docker> docker network ls
NETWORK ID     NAME        DRIVER    SCOPE
5c25d796d992   bridge      bridge    local
130572d1fc8e   host        host      local
152eb0c9fc6d   network-a   bridge    local
a8c80154400c   none        null      local
```

```powershell
C:\docker> docker container run -itd --name cent-networka-a --network network-a centos
e07a1d02a5ee78be10712b8fcc0f8cf3f75a71389fc98768e26cd0a9cc5c3370
```

```powershell
C:\docker> docker container run -itd --name cent-networka-b --network network-a centos
5bea9f64d36d9680658c01e607cde06cf6240b4a836953a67b077230f36e5620
```

```powershell
C:\docker> docker network inspect network-a

'''
"Containers": {
            "5bea9f64d36d9680658c01e607cde06cf6240b4a836953a67b077230f36e5620": {
                "Name": "cent-networka-b",
                "EndpointID": "900088625caf45ff69c9caba75b6d376c6f52ca3ee6fce96d03b7a7c5288882b",
                "MacAddress": "02:42:ac:16:00:03",
                "IPv4Address": "172.22.0.3/16",
                "IPv6Address": ""
            },
            "e07a1d02a5ee78be10712b8fcc0f8cf3f75a71389fc98768e26cd0a9cc5c3370": {
                "Name": "cent-networka-a",
                "EndpointID": "f2b7a51dbdc6206682efe5f3423ba7887a340733071a27f56a7e8fb4d2c0bd0b",
                "MacAddress": "02:42:ac:16:00:02",
                "IPv4Address": "172.22.0.2/16",
                "IPv6Address": ""
```

```powershell
C:\docker> docker container exec -it cent-networka-a /bin/bash
[root@e07a1d02a5ee /]# ping 172.22.0.3
PING 172.22.0.3 (172.22.0.3) 56(84) bytes of data.
64 bytes from 172.22.0.3: icmp_seq=1 ttl=64 time=0.201 ms
64 bytes from 172.22.0.3: icmp_seq=2 ttl=64 time=0.093 ms
^C
--- 172.22.0.3 ping statistics ---
2 packets transmitted, 2 received, 0% packet loss, time 1050ms
rtt min/avg/max/mdev = 0.093/0.147/0.201/0.054 ms
```

```powershell
[root@e07a1d02a5ee /]# ping cent-networka-b				⇐ 네이밍 서비스가 제공
PING cent-networka-b (172.22.0.3) 56(84) bytes of data.
64 bytes from cent-networka-b.network-a (172.22.0.3): icmp_seq=1 ttl=64 time=0.106 ms
64 bytes from cent-networka-b.network-a (172.22.0.3): icmp_seq=2 ttl=64 time=0.089 ms
64 bytes from cent-networka-b.network-a (172.22.0.3): icmp_seq=3 ttl=64 time=0.079 ms
^C
--- cent-networka-b ping statistics ---
3 packets transmitted, 3 received, 0% packet loss, time 2042ms
rtt min/avg/max/mdev = 0.079/0.091/0.106/0.013 ms

[root@e07a1d02a5ee /]# exit
exit
```

```powershell
C:\docker> docker container run -itd --name cent-default-c --link cent-default-a:cent-a centos
                                                           ~~~~~~~~~~~~~~~~~~~~~ ~~~~~~ 
	7cea3102d7c2f47933dcb662db47e556bdd504c351832b8ce4e94ad46b958e98
```

```powershell
C:\docker> docker container exec -it cent-default-c /bin/bash
[root@7cea3102d7c2 /]# ping cent-a
PING cent-a (172.17.0.2) 56(84) bytes of data.
64 bytes from cent-a (172.17.0.2): icmp_seq=1 ttl=64 time=0.067 ms
64 bytes from cent-a (172.17.0.2): icmp_seq=2 ttl=64 time=0.082 ms
^C
--- cent-a ping statistics ---
2 packets transmitted, 2 received, 0% packet loss, time 1042ms
rtt min/avg/max/mdev = 0.067/0.074/0.082/0.011 ms
```

```powershell
[root@7cea3102d7c2 /]# cat /etc/hosts
127.0.0.1       localhost
::1     localhost ip6-localhost ip6-loopback
fe00::0 ip6-localnet
ff00::0 ip6-mcastprefix
ff02::1 ip6-allnodes
ff02::2 ip6-allrouters
172.17.0.2      cent-a b6ec08c2bb99 cent-default-a
172.17.0.4      7cea3102d7c2
```

```powershell
[root@7cea3102d7c2 /]# ping b6ec08c2bb99
PING cent-a (172.17.0.2) 56(84) bytes of data.
64 bytes from cent-a (172.17.0.2): icmp_seq=1 ttl=64 time=0.101 ms
64 bytes from cent-a (172.17.0.2): icmp_seq=2 ttl=64 time=0.087 ms
^C
--- cent-a ping statistics ---
2 packets transmitted, 2 received, 0% packet loss, time 1050ms
rtt min/avg/max/mdev = 0.087/0.094/0.101/0.007 ms

[root@7cea3102d7c2 /]# exit
exit
```

```powershell
C:\docker> docker container exec -it cent-networka-a /bin/bash
[root@e07a1d02a5ee /]# cat /etc/hosts
127.0.0.1       localhost
::1     localhost ip6-localhost ip6-loopback
fe00::0 ip6-localnet
ff00::0 ip6-mcastprefix
ff02::1 ip6-allnodes
ff02::2 ip6-allrouters
172.22.0.2      e07a1d02a5ee

[root@e07a1d02a5ee /]# exit
exit
```

```powershell
C:\docker> docker container run -itd --name cent-default-x --hostname cent-x centos
40f9976387296139314f641c2b65807e99c10263d1928374c26336e3c20fc920

C:\docker> docker container run -itd --name cent-default-y --hostname cent-y centos
5f3243e05de171906f734e0366897b2bd8fc040cda492897635b616f6d463a6c
```

```powershell
C:\docker> docker container exec -it cent-default-x /bin/bash
[root@cent-x /]#

[root@cent-x /]# cat /etc/hosts
127.0.0.1       localhost
::1     localhost ip6-localhost ip6-loopback
fe00::0 ip6-localnet
ff00::0 ip6-mcastprefix
ff02::1 ip6-allnodes
ff02::2 ip6-allrouters
172.17.0.5      cent-x

[root@cent-x /]# exit
exit
```